å‘½ä»¤ç¨¿å•Ÿå‹•æ–¼ 2017å¹´03æœˆ12æ—¥ (é€±æ—¥) 18æ™‚58åˆ†17ç§’
]0;ming@ming-VirtualBox: ~/lab1ming@ming-VirtualBox:~/lab1$ git push lab1 master[10Pstatus
On branch master
Changes to be committed:
  (use "git reset HEAD <file>..." to unstage)

	[32mnew file:   A.cpp[m
	[32mnew file:   A.script[m

Untracked files:
  (use "git add <file>..." to include in what will be committed)

	[31m.A.script.swp[m
	[31mA[m
	[31mlab1/[m

]0;ming@ming-VirtualBox: ~/lab1ming@ming-VirtualBox:~/lab1$ git statuspush lab1 master[10Pstatus[Kgit add A.script
]0;ming@ming-VirtualBox: ~/lab1ming@ming-VirtualBox:~/lab1$ git add A.script[6Pstatus
On branch master
Changes to be committed:
  (use "git reset HEAD <file>..." to unstage)

	[32mnew file:   A.cpp[m
	[32mnew file:   A.script[m

Untracked files:
  (use "git add <file>..." to include in what will be committed)

	[31m.A.script.swp[m
	[31mA[m
	[31mlab1/[m

]0;ming@ming-VirtualBox: ~/lab1ming@ming-VirtualBox:~/lab1$ git statusadd A.script[6Pstatus[K[K[K[K[K[Kpull a[Klab1 mad[Kster
From https://github.com/redstar-ryo/lab1
 * branch            master     -> FETCH_HEAD
Already up-to-date.
]0;ming@ming-VirtualBox: ~/lab1ming@ming-VirtualBox:~/lab1$ git pull lab1 master[1P[1P[1@s[1@h
Username for 'https://github.com': redstar-ro  yo  ryo
Password for 'https://redstar-ryo@github.com': 
Everything up-to-date
]0;ming@ming-VirtualBox: ~/lab1ming@ming-VirtualBox:~/lab1$ script lab1.script
å‘½ä»¤ç¨¿å·²å•Ÿå‹•ï¼Œæª”æ¡ˆæ˜¯ lab1.script
]0;ming@ming-VirtualBox: ~/lab1ming@ming-VirtualBox:~/lab1$ git push lab1 master[Kls
[0m[01;32mA[0m  A.cpp  A.script  [01;34mlab1[0m  lab1.script
]0;ming@ming-VirtualBox: ~/lab1ming@ming-VirtualBox:~/lab1$ 
]0;ming@ming-VirtualBox: ~/lab1ming@ming-VirtualBox:~/lab1$ ls[K[K;[Klab[K[K[Klab1.script
lab1.scriptï¼šç„¡æ­¤æŒ‡ä»¤
]0;ming@ming-VirtualBox: ~/lab1ming@ming-VirtualBox:~/lab1$ vi ;a[K[Klavb1.script
[?1049h[?1h=[2;1Hâ–½[6n[1;1H  [1;1H[1;24r[?12;25h[?12l[?25h[27m[m[H[2J[?25l[24;1H"lavb1.script" [æœªå‘½å][>c[2;1H[1m[34m~                                                                               [3;1H~                                                                               [4;1H~                                                                               [5;1H~                                                                               [6;1H~                                                                               [7;1H~                                                                               [8;1H~                                                                               [9;1H~                                                                               [10;1H~                                                                               [11;1H~                                                                               [12;1H~                                                                               [13;1H~                                                                               [14;1H~                                                                               [15;1H~                                                                               [16;1H~                                                                               [17;1H~                                                                               [18;1H~                                                                               [19;1H~                                                                               [20;1H~                                                                               [21;1H~                                                                               [22;1H~                                                                               [23;1H~                                                                               [m[24;63H0,0-1[8Cå…¨éƒ¨[1;1H[?12l[?25hP+q436f\P+q6b75\P+q6b64\P+q6b72\P+q6b6c\P+q2332\P+q2334\P+q2569\P+q2a37\P+q6b31\[?25l[24;1H[K[24;1H:[?12l[?25hq[?25l[?12l[?25h![?25l[?12l[?25h[?25l[24;1H[K[24;1H[?1l>[?12l[?25h[?1049l]0;ming@ming-VirtualBox: ~/lab1ming@ming-VirtualBox:~/lab1$ vi lavb1.script[4Plab1.scripts[Kgit push lab1 master[10Pstatuspull lab1 master[10Pstatusadd A.script[6Pstatusclone https://github.com/redstar-ryo/lab1.git[C[C[C[C[C[C[C[C[C[C[C[C[C[C[C[C[C[C[C[C[C[C[C[C[C[C[C[C[C[C[C[C[C[29Ppush lab1 master[7Premote -v[3Pstatusadd A.script[6Pstatuspush lab1 masterclone https://github.com/redstar-ryo/lab1.git[C[C[C[C[C[C[C[C[C[C[C[C[C[C[C[C[C[C[C[C[C[C[C[C[C[C[C[C[C[C[C[C[C[29Ppush lab1 masterll[C[C[C[C[C[C[C[C[C[C[C[C[10Pcommitremote -vpush lab1 master[7Premote -vshow[5Pstatus[1Padd .[Kstatusconfig --global user.email e6v2e3@gmail.com[6Pname redstar-ryo[C[C[C[C[C[C[C[C[C[C[C[C[C[C[C[C[C[C[C[C[C[C[C[C[C[C[C[C[C[26Pscript A.script./A[Kvi A.cpp[5P./Avi A.cpp[5P./Ag++ -o A A.cpp[6Pvi[C[C[C[C[C[C[5P./Ag++ -o A A.cpp[6Pvi[C[C[C[C[C[C[5P./Ag++ -o A A.cpp[6Pvi[C[C[C[C[C[C[5P./Ag++ -o A A.cpp[6Pvi[C[C[C[C[C[C[5P./Ag++ -o A A.cpp[6Pvi[C[C[C[C[C[C[5P./Ag++ -o A A.cpp[6Pvi[C[C[C[C[C[C[5P./Ag++ -o A A.cpp[6Pvi[C[C[C[C[C[C[6@g++ -o A[C[C[C[C[C[C[6Pvi[C[C[C[C[C[C[1Pcd lab1[4P./Ag++ -o A A.cpp[6Pvi[C[C[C[C[C[C[5P./Ag++ -o A A.cpp[6Pvi[C[C[C[C[C[C[5P./Ag++ -o A A.cpp[6Pvi[C[C[C[C[C[C[5P./Ag++ -o A A.cpp[6Pvi[C[C[C[C[C[C[5P./Ag++ -o A A.cpp[6Pvi[C[C[C[C[C[C[5P./Acd lab1[4P./Ag++ -o A A.cpp[6Pvi[C[C[C[C[C[C[6@g++ -o A[C[C[C[C[C[C[6Pvi[C[C[C[C[C[C[6@g++ -o A[C[C[C[C[C[C[6Pvi[C[C[C[C[C[C[5P./Ag++ -o A A.cpp[6Pvi[C[C[C[C[C[C[6@g++ -o A[C[C[C[C[C[C[6Pvi[C[C[C[C[C[C[6@g++ -o A[C[C[C[C[C[C[6Pvi[C[C[C[C[C[C[5P./Ag++ -o A A.cpp[6Pvi[C[C[C[C[C[C[5P./Ag++ -o A A.cpp[6Pvi[C[C[C[C[C[C[6@g++ -o A[C[C[C[C[C[C[6Pvi[C[C[C[C[C[C[6@g++ -o A[C[C[C[C[C[C[6Pvi[C[C[C[C[C[C[5P./Ag++ -o A A.cpp[6Pvi[C[C[C[C[C[C[6@g++ -o A[C[C[C[C[C[C[6Pvi[C[C[C[C[C[C[6@g++ -o A[C[C[C[C[C[C[6Pvi[C[C[C[C[C[C[1Pcd lab1[4P./Ag++ -o A A.cpp[6Pvi[C[C[C[C[C[C[1Pcd lab1[4P./Ag++ -o A A.cpp[6Pvi[C[C[C[C[C[C[5P./Ag++ -o A A.cpp[6Pvi[C[C[C[C[C[C[1Pcd lab1[4P./Ag++ -o A A.cpp[6Pvi[C[C[C[C[C[C[1Pcd lab1vi A.cpp[5P./Ag++ -o A A.cpp[6Pvi[C[C[C[C[C[C[6@g++ -o A[C[C[C[C[C[C[6Pvi[C[C[C[C[C[C[5P./Ag++ -o A A.cpp[6Pvi[C[C[C[C[C[C[1Pcd lab1[4P./Ag++ -o A A.cpp[6Pvi[C[C[C[C[C[C[5P./Ag++ -o A A.cpp[6Pvi[C[C[C[C[C[C[6@g++ -o A[C[C[C[C[C[C[6Pvi[C[C[C[C[C[C[1Pcd lab1[4P./Ag++ -o A A.cpp[6Pvi[C[C[C[C[C[C[6@g++ -o A[C[C[C[C[C[C[6Pvi[C[C[C[C[C[C[1Pcd lab1[4P./Ag++ -o A A.cpp[6Pvi[C[C[C[C[C[C[5P./Ag++ -o A A.cppa.cpp[6Pvi A.cppls[Kcd lab1[K[3P./Avi A.cpp[5P./Ag++ -o A A.cpp[6Pvi[C[C[C[C[C[C[5P./A[2P1./Ag++ -o A A.cpp[6Pvi[C[C[C[C[C[C[6@g++ -o A[C[C[C[C[C[C[6Pvi[C[C[C[C[C[C[5P./Ag++ -o A A.cpp[6Pvi[C[C[C[C[C[C[6@g++ -o A[C[C[C[C[C[C[6Pvi[C[C[C[C[C[C[5P./Ag++ -o A A.cpp[6Pvi[C[C[C[C[C[C[5P./Ag++ -o A A.cpp[6Pvi[C[C[C[C[C[C[5P./Ag++ -o A A.cpp[6Pvi[C[C[C[C[C[C[5P./Ag++ -o A A.cpp
]0;ming@ming-VirtualBox: ~/lab1ming@ming-VirtualBox:~/lab1$ g++ -o A A.cppvi lavb1.script[4Plab1.scripts[Kab1.scripts[Kgit push lab1 masterls[Kab1.scriptvi lavb1.script[1Pg++ -o A A.cpp[K./A
Please enter an integer:22
11 34 17 52 26 13 40 20 10 5 16 8 4 2 1 
]0;ming@ming-VirtualBox: ~/lab1ming@ming-VirtualBox:~/lab1$ ./Ag++ -o A A.cppvi lavb1.script[4Plab1.scripts[Kgit push lab1 master[10Pstatuspull lab1 master[10Pstatusadd A.script[6Pstatusclone https://github.com/redstar-ryo/lab1.git[C[C[C[C[C[C[C[C[C[C[C[C[C[C[C[C[C[C[C[C[C[C[C[C[C[C[C[C[C[C[C[C[C[29Ppush lab1 master[7Premote -v[3Pstatusadd A.script[6Pstatuspush lab1 masterclone https://github.com/redstar-ryo/lab1.git[C[C[C[C[C[C[C[C[C[C[C[C[C[C[C[C[C[C[C[C[C[C[C[C[C[C[C[C[C[C[C[C[C[29Ppush lab1 masterll[C[C[C[C[C[C[C[C[C[C[C[C[10Pcommitremote -vpush lab1 master[7Premote -vshow[5Pstatus[1Padd .[Kstatusconfig --global user.email e6v2e3@gmail.com[6Pname redstar-ryo[C[C[C[C[C[C[C[C[C[C[C[C[C[C[C[C[C[C[C[C[C[C[C[C[C[C[C[C[C[26Pscript A.script./A[Kvi A.cpp[5P./Avi A.cpp[5P./Ag++ -o A A.cpp[6Pvi[C[C[C[C[C[C[5P./Ag++ -o A A.cpp[6Pvi[C[C[C[C[C[C[5P./Ag++ -o A A.cpp[6Pvi[C[C[C[C[C[C[5P./Ag++ -o A A.cpp[6Pvi[C[C[C[C[C[C[5P./Ag++ -o A A.cpp[6Pvi[C[C[C[C[C[C[5P./Ag++ -o A A.cpp[6Pvi[C[C[C[C[C[C[5P./Ag++ -o A A.cpp[6Pvi[C[C[C[C[C[C[6@g++ -o A[C[C[C[C[C[C[6Pvi[C[C[C[C[C[C[1Pcd lab1[4P./Ag++ -o A A.cpp[6Pvi[C[C[C[C[C[C[5P./Ag++ -o A A.cpp[6Pvi[C[C[C[C[C[C[5P./Ag++ -o A A.cpp[6Pvi[C[C[C[C[C[C[5P./Ag++ -o A A.cpp[6Pvi[C[C[C[C[C[C[5P./Ag++ -o A A.cpp[6Pvi[C[C[C[C[C[C[5P./Acd lab1[4P./Ag++ -o A A.cpp[6Pvi[C[C[C[C[C[C[6@g++ -o A[C[C[C[C[C[C[6Pvi[C[C[C[C[C[C[6@g++ -o A[C[C[C[C[C[C[6Pvi[C[C[C[C[C[C[5P./Ag++ -o A A.cpp[6Pvi[C[C[C[C[C[C[6@g++ -o A[C[C[C[C[C[C[6Pvi[C[C[C[C[C[C[6@g++ -o A[C[C[C[C[C[C[6Pvi[C[C[C[C[C[C[5P./Ag++ -o A A.cpp[6Pvi[C[C[C[C[C[C[5P./Ag++ -o A A.cpp[6Pvi[C[C[C[C[C[C[6@g++ -o A[C[C[C[C[C[C[6Pvi[C[C[C[C[C[C[6@g++ -o A[C[C[C[C[C[C[6Pvi[C[C[C[C[C[C[5P./Ag++ -o A A.cpp[6Pvi[C[C[C[C[C[C[6@g++ -o A[C[C[C[C[C[C[6Pvi[C[C[C[C[C[C[6@g++ -o A[C[C[C[C[C[C[6Pvi[C[C[C[C[C[C[1Pcd lab1[4P./Ag++ -o A A.cpp[6Pvi[C[C[C[C[C[C[1Pcd lab1[4P./Ag++ -o A A.cpp[6Pvi[C[C[C[C[C[C[5P./Ag++ -o A A.cpp[6Pvi[C[C[C[C[C[C[1Pcd lab1[4P./Ag++ -o A A.cpp[6Pvi[C[C[C[C[C[C[1Pcd lab1vi A.cpp[5P./Ag++ -o A A.cpp[6Pvi[C[C[C[C[C[C[6@g++ -o A[C[C[C[C[C[C[6Pvi[C[C[C[C[C[C[5P./Ag++ -o A A.cpp[6Pvi[C[C[C[C[C[C[1Pcd lab1[4P./Ag++ -o A A.cpp[6Pvi[C[C[C[C[C[C[5P./Ag++ -o A A.cpp[6Pvi[C[C[C[C[C[C[6@g++ -o A[C[C[C[C[C[C[6Pvi[C[C[C[C[C[C[1Pcd lab1[4P./Ag++ -o A A.cpp[6Pvi[C[C[C[C[C[C[6@g++ -o A[C[C[C[C[C[C[6Pvi[C[C[C[C[C[C[1Pcd lab1[4P./Ag++ -o A A.cpp[6Pvi[C[C[C[C[C[C[5P./Ag++ -o A A.cppa.cpp[6Pvi A.cppls[Kcd lab1[K[3P./Avi A.cpp[5P./Ag++ -o A A.cpp[6Pvi[C[C[C[C[C[C[5P./A[2P1./Ag++ -o A A.cpp[6Pvi[C[C[C[C[C[C[6@g++ -o A[C[C[C[C[C[C[6Pvi[C[C[C[C[C[C[5P./Ag++ -o A A.cpp[6Pvi[C[C[C[C[C[C[6@g++ -o A[C[C[C[C[C[C[6Pvi[C[C[C[C[C[C[5P./Ag++ -o A A.cpp[6Pvi[C[C[C[C[C[C[5P./Ag++ -o A A.cpp[6Pvi[C[C[C[C[C[C[5P./Ag++ -o A A.cpp[6Pvi[C[C[C[C[C[C[5P./Ag++ -o A A.cpp[6Pvi[C[C[C[C[C[C[6@g++ -o A[C[C[C[C[C[C[6Pvi[C[C[C[C[C[C[6@g++ -o A[C[C[C[C[C[C[6Pvi[C[C[C[C[C[C[6@g++ -o A[C[C[C[C[C[C[6Pvi[C[C[C[C[C[C[6@g++ -o A[C[C[C[C[C[C[6Pvi[C[C[C[C[C[C[6@g++ -o A[C[C[C[C[C[C[6Pvi[C[C[C[C[C[C[6@g++ -o A[C[C[C[C[C[C[6Pvi[C[C[C[C[C[C[6@g++ -o A[C[C[C[C[C[C[6Pvi[C[C[C[C[C[Cgit push lab1 masterll[C[C[C[C[C[C[C[C[C[C[C[Csh[C[C[C[C[C[C[C[C[C[C[C[C[1@fetc[C[C[C[C[C[C[C[C[C[C[C[C[C[1Ppus[C[C[C[C[C[C[C[C[C[C[C[C[C[2@remote[C[C[C[C[C[C[C[C[C[C[C[C-v[Kadd lab1 https://github.com/redstar-ryo/llab1.git[A]0;ming@ming-VirtualBox: ~/lab1ming@ming-VirtualBox:~/lab1$ [C[C[C[C[C[C[C[C[C[C[C-v[K
[K[A[C[C[C[C[C[C[C[C[C[C[C[C[C[C[C[C[C[C[C[C[C[C[C[C[C[C[C[C[C[C[C[C[C[C[C[C[C[C[C[C[C[Cshow[Kstatusadd lab1.script[9Pstatusbranch --unset-upstreamstatus[Kcommitstatusadd lab1.script[9Pstatusls[Kcd lab1git clone https://github.com/redstar-ryo/lab1.git[C[C[C[C[C[C[C[C[C[C[C[C[C[C[C[C[C[C[C[C[C[C[C[C[C[C[C[C[Cvi lab1.script[Kgit  push -u ok master[12Pcommit push -u ok master[3Padd lab1.script[9Pstatus push -u ok masterremote add ok https://github.com/redstar-ryo/labb1.git[A]0;ming@ming-VirtualBox: ~/lab1ming@ming-VirtualBox:~/lab1$ [C[C[C[C[29P push -u ok master
[K[A[C[C[C[C[C[C[C[C[C[C[C[C[C[C[C[C[C[C[C[C[C[C[C[C[C[C[C[C[C[C[C[C[C[C[C[C[C[C[C[C[C[C[C[C[C[C[C[C[C[C[C[4@rigin[C[C[C[C[C[C[Cstatus[Kadd lab1.script[9Pstatusvim lab1.script[2Pgit remote -vvim lab1.script[2Pgit remote -vadd ok https://github.com/redstar-ryo/labb1.git[A]0;ming@ming-VirtualBox: ~/lab1ming@ming-VirtualBox:~/lab1$ [C[C[C[C[C[C[C[C[C[C[C-v[K
[K[A[C[C[C[C[C[C[C[C[C[C[C[C[C[C[C[C[C[C[C[C[C[C[C[C[C[C[C[C[C[C[C[C[C[C[C[C[C[C[C[C[C[Cadd ok https://github.com/redstar-ryo/labb1.git[A]0;ming@ming-VirtualBox: ~/lab1ming@ming-VirtualBox:~/lab1$ [C[C[C[C[C[C[C[C[C[C[C-v[K
[K[A[C[C[C[C[C[C[C[C[C[C[C[C[C[C[C[C[C[C[C[C[C[C[C[C[C[C[C[C[C[C[C[C[C[C[C[C[C[C[C[C[C[Cvim lab1.script[5Pgit statusvim lab1.script[5Pgit statusadd lab1.script[9Pstatus push -u origin masterstatus[K push -u origin master[4Pk[C[C[C[C[C[C[Cremote add ok https://github.com/redstar-ryo/labb1.git[A]0;ming@ming-VirtualBox: ~/lab1ming@ming-VirtualBox:~/lab1$ [C[C[C[C[29P push -u ok master
[K[A[C[C[C[C[C[C[C[C[C[C[C[C[C[C[C[C[C[C[C[C[C[C[C[C[C[C[C[C[C[C[C[C[C[C[C[C[C[C[C[C[C[C[C[C[C[C[C[C[C[C[C[12Pstatusadd lab1.script push -u ok master[12Pcommit push -u ok master[8Pvi lab1.scriptgit clone https://github.com/redstar-ryo/lab1.git[C[C[C[C[C[C[C[C[C[C[C[C[C[C[C[C[C[C[C[C[C[C[C[C[C[C[C[C[Ccd lab1[Kls[Kgit statusadd lab1.script[9Pstatuscommitstatusbranch --unset-upstreamstatus[Kadd lab1.script[9Pstatusremotestatusadd lab1.script[9Pstatusbranch --unset-upstreamstatus[Kbranch --unset-upstreamstatus[Kadd lab1.script[9Pstatusadd lab1.script[9Pstatusremote show[2P-vadd lab1 https://github.com/redstar-ryo/llab1.git[A]0;ming@ming-VirtualBox: ~/lab1ming@ming-VirtualBox:~/lab1$ [C[C[C[C[C[C[C[C[C[C[C-v[K
[K[A[C[C[C[C[C[C[C[C[C[C[C[C[C[C[C[C[C[C[C[C[C[C[C[C[C[C[C[C[C[C[C[C[C[C[C[C[C[C[C[C[C[Cadd lab1 https://github.com/redstar-ryo/llab1.git[A]0;ming@ming-VirtualBox: ~/lab1ming@ming-VirtualBox:~/lab1$ [C[C[C[C[C[C[C[C[C[C[C-v[K
[K[A[C[C[C[C[C[C[C[C[C[C[C[C[C[C[C[C[C[C[C[C[C[C[C[C[C[C[C[C[C[C[C[C[C[C[C[C[C[C[C[C[C[Clab1 master[2Ppush[C[C[C[C[C[C[C[C[C[C[C[C[1@fetc[C[C[C[C[C[C[C[C[C[C[C[C[C[1Ppus[C[C[C[C[C[C[C[C[C[C[C[C[C[1@fetc[C[C[C[C[C[C[C[C[C[C[C[C[C[1Ppus[C[C[C[C[C[C[C[C[C[C[C[C[Cll[C[C[C[C[C[C[C[C[C[C[C[Csh[C[C[C[C[C[C[C[C[C[C[C[C[12Pvi A.cpp[6@g++ -o A[C[C[C[C[C[C[6Pvi[C[C[C[C[C[C[6@g++ -o A[C[C[C[C[C[C[6Pvi[C[C[C[C[C[C[6@g++ -o A[C[C[C[C[C[C[6Pvi[C[C[C[C[C[C[6@g++ -o A[C[C[C[C[C[C[6Pvi[C[C[C[C[C[C[6@g++ -o A[C[C[C[C[C[C[6Pvi[C[C[C[C[C[C[6@g++ -o A[C[C[C[C[C[C[6Pvi[C[C[C[C[C[C[6@g++ -o A[C[C[C[C[C[C[6Pvi[C[C[C[C[C[C[6@g++ -o A[C[C[C[C[C[C[6Pvi[C[C[C[C[C[C[6@g++ -o A[C[C[C[C[C[C[6Pvi[C[C[C[C[C[C[6@g++ -o A[C[C[C[C[C[C[6Pvi[C[C[C[C[C[C[6@g++ -o A[C[C[C[C[C[C[6Pvi[C[C[C[C[C[Cgit push lab1 masterll[C[C[C[C[C[C[C[C[C[C[C[Csh[C[C[C[C[C[C[C[C[C[C[C[C[1@fetc[C[C[C[C[C[C[C[C[C[C[C[C[C[1Ppus[C[C[C[C[C[C[C[C[C[C[C[C[C[2@remote[C[C[C[C[C[C[C[C[C[C[C[C-v[Kadd lab1 https://github.com/redstar-ryo/llab1.git[A]0;ming@ming-VirtualBox: ~/lab1ming@ming-VirtualBox:~/lab1$ [C[C[C[C[C[C[C[C[C[C[C-v[K
[K[A[C[C[C[C[C[C[C[C[C[C[C[C[C[C[C[C[C[C[C[C[C[C[C[C[C[C[C[C[C[C[C[C[C[C[C[C[C[C[C[C[C[Cshow[Kstatusadd lab1.script[9Pstatusadd lab1.script[9Pstatusremote show[2P-vadd lab1 https://github.com/redstar-ryo/llab1.git
fatal: remote lab1 already exists.
]0;ming@ming-VirtualBox: ~/lab1ming@ming-VirtualBox:~/lab1$ git remote add lab1 https://github.com/redstar-ryo/llab1.git[A]0;ming@ming-VirtualBox: ~/lab1ming@ming-VirtualBox:~/lab1$ ./A[K
[K[A[C[C[C[C[C[C[C[C[C[C[C[C[C[C[C[C[C[C[C[C[C[C[C[C[C[C[C[C[C[C[C[Cg++ -o A A.cppvi lavb1.script[4Plab1.scripts[Kgit push lab1 master[10Pstatuspull lab1 master[10Pstatusadd A.script[6Pstatusclone https://github.com/redstar-ryo/lab1.git[C[C[C[C[C[C[C[C[C[C[C[C[C[C[C[C[C[C[C[C[C[C[C[C[C[C[C[C[C[C[C[C[C[29Ppush lab1 master[7Premote -v[3Pstatusadd A.script[6Pstatuspush lab1 masterclone https://github.com/redstar-ryo/lab1.git[C[C[C[C[C[C[C[C[C[C[C[C[C[C[C[C[C[C[C[C[C[C[C[C[C[C[C[C[C[C[C[C[C[29Ppush lab1 masterll[C[C[C[C[C[C[C[C[C[C[C[C[10Pcommitremote -vpush lab1 master[7Premote -vshow[5Pstatus[1Padd .[Kstatusconfig --global user.email e6v2e3@gmail.com[6Pname redstar-ryo[C[C[C[C[C[C[C[C[C[C[C[C[C[C[C[C[C[C[C[C[C[C[C[C[C[C[C[C[C[26Pscript A.script./A[Kvi A.cpp[5P./Avi A.cpp[5P./Ag++ -o A A.cpp[6Pvi[C[C[C[C[C[C[5P./Ag++ -o A A.cpp[6Pvi[C[C[C[C[C[C[5P./Ag++ -o A A.cpp[6Pvi[C[C[C[C[C[C[5P./Ag++ -o A A.cpp[6Pvi[C[C[C[C[C[C[5P./Ag++ -o A A.cpp[6Pvi[C[C[C[C[C[C[5P./Ag++ -o A A.cpp[6Pvi[C[C[C[C[C[C[5P./Ag++ -o A A.cpp[6Pvi[C[C[C[C[C[C[6@g++ -o A[C[C[C[C[C[C[6Pvi[C[C[C[C[C[C[1Pcd lab1[4P./Ag++ -o A A.cpp[6Pvi[C[C[C[C[C[C[5P./Ag++ -o A A.cpp[6Pvi[C[C[C[C[C[C[5P./Ag++ -o A A.cpp[6Pvi[C[C[C[C[C[C[5P./Ag++ -o A A.cpp[6Pvi[C[C[C[C[C[C[5P./Ag++ -o A A.cpp[6Pvi[C[C[C[C[C[C[5P./Acd lab1[4P./Ag++ -o A A.cpp[6Pvi[C[C[C[C[C[C[6@g++ -o A[C[C[C[C[C[C[6Pvi[C[C[C[C[C[C[6@g++ -o A[C[C[C[C[C[C[6Pvi[C[C[C[C[C[C[5P./Ag++ -o A A.cpp[6Pvi[C[C[C[C[C[C[6@g++ -o A[C[C[C[C[C[C[6Pvi[C[C[C[C[C[C[6@g++ -o A[C[C[C[C[C[C[6Pvi[C[C[C[C[C[C[5P./Ag++ -o A A.cpp[6Pvi[C[C[C[C[C[C[5P./Ag++ -o A A.cpp[6Pvi[C[C[C[C[C[C[6@g++ -o A[C[C[C[C[C[C[6Pvi[C[C[C[C[C[C[6@g++ -o A[C[C[C[C[C[C[6Pvi[C[C[C[C[C[C[5P./Ag++ -o A A.cpp[6Pvi[C[C[C[C[C[C[6@g++ -o A[C[C[C[C[C[C[6Pvi[C[C[C[C[C[C[6@g++ -o A[C[C[C[C[C[C[6Pvi[C[C[C[C[C[C[1Pcd lab1[4P./Ag++ -o A A.cpp[6Pvi[C[C[C[C[C[C[1Pcd lab1[4P./Ag++ -o A A.cpp[6Pvi[C[C[C[C[C[C[5P./Ag++ -o A A.cpp[6Pvi[C[C[C[C[C[C[1Pcd lab1[4P./Ag++ -o A A.cpp[6Pvi[C[C[C[C[C[C[1Pcd lab1vi A.cpp[5P./Ag++ -o A A.cpp[6Pvi[C[C[C[C[C[C[6@g++ -o A[C[C[C[C[C[C[6Pvi[C[C[C[C[C[C[5P./Ag++ -o A A.cpp[6Pvi[C[C[C[C[C[C[1Pcd lab1[4P./Ag++ -o A A.cpp[6Pvi[C[C[C[C[C[C[5P./Ag++ -o A A.cpp[6Pvi[C[C[C[C[C[C[6@g++ -o A[C[C[C[C[C[C[6Pvi[C[C[C[C[C[C[1Pcd lab1[4P./Ag++ -o A A.cpp[6Pvi[C[C[C[C[C[C[6@g++ -o A[C[C[C[C[C[C[6Pvi[C[C[C[C[C[C[1Pcd lab1[4P./Ag++ -o A A.cpp[6Pvi[C[C[C[C[C[C[5P./Ag++ -o A A.cppa.cpp[6Pvi A.cppls[Kcd lab1[K[3P./Avi A.cpp[5P./Ag++ -o A A.cpp[6Pvi[C[C[C[C[C[C[5P./A[2P1./Ag++ -o A A.cpp[6Pvi[C[C[C[C[C[C[6@g++ -o A[C[C[C[C[C[C[6Pvi[C[C[C[C[C[C[5P./Ag++ -o A A.cpp[6Pvi[C[C[C[C[C[C[6@g++ -o A[C[C[C[C[C[C[6Pvi[C[C[C[C[C[C[5P./Ag++ -o A A.cpp[6Pvi[C[C[C[C[C[C[5P./Ag++ -o A A.cpp[6Pvi[C[C[C[C[C[C[5P./Ag++ -o A A.cpp[6Pvi[C[C[C[C[C[C[5P./Ag++ -o A A.cpp[6Pvi[C[C[C[C[C[C[6@g++ -o A[C[C[C[C[C[C[6Pvi[C[C[C[C[C[C[6@g++ -o A[C[C[C[C[C[C[6Pvi[C[C[C[C[C[C[6@g++ -o A[C[C[C[C[C[C[6Pvi[C[C[C[C[C[C[6@g++ -o A[C[C[C[C[C[C[6Pvi[C[C[C[C[C[C[6@g++ -o A[C[C[C[C[C[C[6Pvi[C[C[C[C[C[C[6@g++ -o A[C[C[C[C[C[C[6Pvi[C[C[C[C[C[C[6@g++ -o A[C[C[C[C[C[C[6Pvi[C[C[C[C[C[Cgit push lab1 masterll[C[C[C[C[C[C[C[C[C[C[C[Csh[C[C[C[C[C[C[C[C[C[C[C[C[1@fetc[C[C[C[C[C[C[C[C[C[C[C[C[C[1Ppus[C[C[C[C[C[C[C[C[C[C[C[C[C[2@remote[C[C[C[C[C[C[C[C[C[C[C[C-v[Kadd lab1 https://github.com/redstar-ryo/llab1.git[A]0;ming@ming-VirtualBox: ~/lab1ming@ming-VirtualBox:~/lab1$ [C[C[C[C[C[C[C[C[C[C[C-v[K
[K[A[C[C[C[C[C[C[C[C[C[C[C[C[C[C[C[C[C[C[C[C[C[C[C[C[C[C[C[C[C[C[C[C[C[C[C[C[C[C[C[C[C[Cshow[Kstatusadd lab1.script[9Pstatusbranch --unset-upstreamstatus[Kcommitstatusbranch --unset-upstream
fatal: Branch 'master' has no upstream information
]0;ming@ming-VirtualBox: ~/lab1ming@ming-VirtualBox:~/lab1$ git branch --unset-upstreamremote add lab1 https://github.com/redstar-ryo/llab1.git[A]0;ming@ming-VirtualBox: ~/lab1ming@ming-VirtualBox:~/lab1$ ./A[K
[K[A[C[C[C[C[C[C[C[C[C[C[C[C[C[C[C[C[C[C[C[C[C[C[C[C[C[C[C[C[C[C[C[Cgit remote add lab1 https://github.com/redstar-ryo/llab1.git[K[K[K[K[K[K[K[K[A[C[C[C[C[C[C[C[C[C[C[C[C[C[C[C[C[C[C[C[C[C[C[C[C[C[C[C[C[C[C[C[C[C[C[C[C[C[C[C[C[C[C[C[C[C[C[C[C[C[C[C[C[C[C[C[C[C[C[C[C[C[C[C[C[C[C[C[C[C[C[C[C[C[C[C[C[C[C[C[K
[K[A[C[C[C[C[C[C[C[C[C[C[C[C[C[C[C[C[C[C[C[C[C[C[C[C[C[C[C[C[C[C[C[C[C[C[C[C[C[C[C[C[C[C[C[C[C[C[C[C[C[C[C[C[C[C[C[C[C[C[C[C[C[C[C[C[C[C[C[C[C[C[C[C[C[C[C[C[C[C[C[K[K[K[K[K[K[K[K[K[K[K[K[K[K[K[K[K[K[K[K[K[K[K[K[K[K[K[K[K[K[K[K[K[K[K[K[K[K[K
lab1
origin
]0;ming@ming-VirtualBox: ~/lab1ming@ming-VirtualBox:~/lab1$ git remote [K[K[K[K[K[K[Kpull lab
fatal: 'lab' does not appear to be a git repository
fatal: Could not read from remote repository.

Please make sure you have the correct access rights
and the repository exists.
]0;ming@ming-VirtualBox: ~/lab1ming@ming-VirtualBox:~/lab1$ git pull lab1
You asked to pull from the remote 'lab1', but did not specify
a branch. Because this is not the default configured remote
for your current branch, you must specify a branch on the command line.
]0;ming@ming-VirtualBox: ~/lab1ming@ming-VirtualBox:~/lab1$ git pull lab1 master
From https://github.com/redstar-ryo/lab1
 * branch            master     -> FETCH_HEAD
Already up-to-date.
]0;ming@ming-VirtualBox: ~/lab1ming@ming-VirtualBox:~/lab1$ r[Kgit commit
[?1049h[1;24r(B[m[4l[?7h[?12l[?25h[?1h=[?1h=[?1h=[39;49m[39;49m(B[m[H[2J(B[0;7m  GNU nano 2.2.6      æª”æ¡ˆ: /home/ming/lab1/.git/COMMIT_EDITMSG                 [4;1H(B[m# Please enter the commit message for your changes. Lines starting[5d# with '#' will be ignored, and an empty message aborts the commit.[6d# On branch master[7d# Changes to be committed:[8d#[9Gnew file:   A.cpp[9d#[9Gnew file:   A.script[10d#[11d# Changes not staged for commit:[12d#[9Gmodified:   A.script[13d#[9Gmodified:   lab1.script[14d#[15d# Untracked files:[16d#[9G.A.script.swp[17d#[9GA[18d#[9Glab1/[19d#[22;33H(B[0;7m[ å·²è®€å– 17 åˆ— ][23d^G(B[m æ±‚åŠ©[14G(B[0;7m^O(B[m å¯«å…¥[27G(B[0;7m^R(B[m è®€æª”[40G(B[0;7m^Y(B[m ä¸Šé [53G(B[0;7m^K(B[m å‰ªä¸‹æ–‡å­—  (B[0;7m^C(B[m æ¸¸æ¨™ä½ç½®[24d(B[0;7m^X(B[m é›¢é–‹[14G(B[0;7m^J(B[m å°é½Š[27G(B[0;7m^W(B[m æœå°‹[40G(B[0;7m^V(B[m ä¸‹é [53G(B[0;7m^U(B[m UnCut Text(B[0;7m^T(B[m æ‹¼å­—æª¢æŸ¥[3d[1;73H(B[0;7må·²æ›´å‹•[3d(B[me[K[4d[5d[6d[7d[8d[9d[10d[11d[12d[13d[14d[15d[16d[17d[18d[19d[20d[22d[K[20d[A[A[A[A[A[A[A[A[A[A[A[A[A[A[A[A[AA[K[24;1H[?1049l[?1l>åˆ©ç”¨ "fg" ä¾†å›žåˆ° nanoã€‚

[1]+  Stopped                 git commit
]0;ming@ming-VirtualBox: ~/lab1ming@ming-VirtualBox:~/lab1$ git status
On branch master
Changes to be committed:
  (use "git reset HEAD <file>..." to unstage)

	[32mnew file:   A.cpp[m
	[32mnew file:   A.script[m

Changes not staged for commit:
  (use "git add <file>..." to update what will be committed)
  (use "git checkout -- <file>..." to discard changes in working directory)

	[31mmodified:   A.script[m
	[31mmodified:   lab1.script[m

Untracked files:
  (use "git add <file>..." to include in what will be committed)

	[31m.A.script.swp[m
	[31mA[m
	[31mlab1/[m

]0;ming@ming-VirtualBox: ~/lab1ming@ming-VirtualBox:~/lab1$ git statuscommitpull lab1 master[10Pcommitpull lab1 master[10Pcommitpull lab1 master[K[K[K[K[K[K[K[K[K[K[K[K[K[K[K[Kadd A.script
]0;ming@ming-VirtualBox: ~/lab1ming@ming-VirtualBox:~/lab1$ git add A.script[K[K[K[K[K[K[Kstatus[1Padd A[Kgit add Astatuscommit[K[K[K[K[K[K[K[K[K[Kgit pull lab1 master[K[K1 master[Kgit status[K[K[K[K[K[Kadd lab[K1[Kgit pull lab1 master[K[K[K[K[K[K[K[K[K[K[K[K[K[K[K[Kadd lab1.scrup[K[Kipt
]0;ming@ming-VirtualBox: ~/lab1ming@ming-VirtualBox:~/lab1$ st[K[Kgit a[Kt[Kstatus
On branch master
Changes to be committed:
  (use "git reset HEAD <file>..." to unstage)

	[32mnew file:   A.cpp[m
	[32mnew file:   A.script[m
	[32mmodified:   lab1.script[m

Changes not staged for commit:
  (use "git add <file>..." to update what will be committed)
  (use "git checkout -- <file>..." to discard changes in working directory)

	[31mmodified:   A.script[m

Untracked files:
  (use "git add <file>..." to include in what will be committed)

	[31m.A.script.swp[m
	[31mA[m
	[31mlab1/[m

]0;ming@ming-VirtualBox: ~/lab1ming@ming-VirtualBox:~/lab1$ git statusadd lab1.scriptA[Klab[Kgit pull lab1 master[1P[1P[1@s[1@h
Username for 'https://github.com': redt star-ryo
Password for 'https://redstar-ryo@github.com': 
Everything up-to-date
]0;ming@ming-VirtualBox: ~/lab1ming@ming-VirtualBox:~/lab1$ git branch -r
  [31mlab1/master[m
]0;ming@ming-VirtualBox: ~/lab1ming@ming-VirtualBox:~/lab1$ git branch -rpush lab1 master[7Pbranch -r[K[K
* [32mmaster[m
]0;ming@ming-VirtualBox: ~/lab1ming@ming-VirtualBox:~/lab1$ git merge master
Already up-to-date.
]0;ming@ming-VirtualBox: ~/lab1ming@ming-VirtualBox:~/lab1$ git pull remote[K[K[K[K[K[Klab1 master
From https://github.com/redstar-ryo/lab1
 * branch            master     -> FETCH_HEAD
Already up-to-date.
]0;ming@ming-VirtualBox: ~/lab1ming@ming-VirtualBox:~/lab1$ sit status
ç„¡ 'sit' é€™å€‹æŒ‡ä»¤ï¼Œæ˜¯æŒ‡é€™å€‹å—Žï¼š
 'six' æŒ‡ä»¤ä¾†è‡ªæ–¼ 'gambc' å¥—ä»¶ (universe)
 'git' æŒ‡ä»¤ä¾†è‡ªæ–¼ 'git' å¥—ä»¶ (main)
 'sip' æŒ‡ä»¤ä¾†è‡ªæ–¼ 'sip-dev' å¥—ä»¶ (main)
 'vit' æŒ‡ä»¤ä¾†è‡ªæ–¼ 'vit' å¥—ä»¶ (universe)
 'skt' æŒ‡ä»¤ä¾†è‡ªæ–¼ 'latex-sanskrit' å¥—ä»¶ (universe)
 'wit' æŒ‡ä»¤ä¾†è‡ªæ–¼ 'wit' å¥—ä»¶ (universe)
 'sic' æŒ‡ä»¤ä¾†è‡ªæ–¼ 'sic' å¥—ä»¶ (universe)
 'sift' æŒ‡ä»¤ä¾†è‡ªæ–¼ 'python-guiqwt' å¥—ä»¶ (universe)
 'sat' æŒ‡ä»¤ä¾†è‡ªæ–¼ 'sat-xmpp-core' å¥—ä»¶ (universe)
sitï¼šç„¡æ­¤æŒ‡ä»¤
]0;ming@ming-VirtualBox: ~/lab1ming@ming-VirtualBox:~/lab1$ gt[Kitm[K status
On branch master
Changes to be committed:
  (use "git reset HEAD <file>..." to unstage)

	[32mnew file:   A.cpp[m
	[32mnew file:   A.script[m
	[32mmodified:   lab1.script[m

Changes not staged for commit:
  (use "git add <file>..." to update what will be committed)
  (use "git checkout -- <file>..." to discard changes in working directory)

	[31mmodified:   A.script[m
	[31mmodified:   lab1.script[m

Untracked files:
  (use "git add <file>..." to include in what will be committed)

	[31m.A.script.swp[m
	[31mA[m
	[31mlab1/[m

]0;ming@ming-VirtualBox: ~/lab1ming@ming-VirtualBox:~/lab1$ git ass A.script
git: 'ass' is not a git command. See 'git --help'.

Did you mean one of these?
	add
	stash
]0;ming@ming-VirtualBox: ~/lab1ming@ming-VirtualBox:~/lab1$ git ass A.script[C[1P A.script[1P A.scriptd A.scriptd A.script
]0;ming@ming-VirtualBox: ~/lab1ming@ming-VirtualBox:~/lab1$ git add A.scriptss[C[C[C[C[C[C[C[C[C[6Pstatus
On branch master
Changes to be committed:
  (use "git reset HEAD <file>..." to unstage)

	[32mnew file:   A.cpp[m
	[32mnew file:   A.script[m
	[32mmodified:   lab1.script[m

Changes not staged for commit:
  (use "git add <file>..." to update what will be committed)
  (use "git checkout -- <file>..." to discard changes in working directory)

	[31mmodified:   lab1.script[m

Untracked files:
  (use "git add <file>..." to include in what will be committed)

	[31m.A.script.swp[m
	[31mA[m
	[31mlab1/[m

]0;ming@ming-VirtualBox: ~/lab1ming@ming-VirtualBox:~/lab1$ git statusadd A.scriptss[C[C[C[C[C[C[C[C[C[6Pstatuss[C[C[C[C[C[C[C[C[Cgit pull lab1 master[4Pmerge[C[C[C[C[C[C[C[4@pull lab1[C[C[C[C[C[C[C[1P[1P[C[1P[1@u[1@s[1@h
Username for 'https://github.com': yh  redstar-ryo
Password for 'https://redstar-ryo@github.com': 
Everything up-to-date
]0;ming@ming-VirtualBox: ~/lab1ming@ming-VirtualBox:~/lab1$ git push lab1 master[1@-[1@u[1@ 
Username for 'https://github.com': redstar-ryo
Password for 'https://redstar-ryo@github.com': 
Branch master set up to track remote branch master from lab1.
Everything up-to-date
]0;ming@ming-VirtualBox: ~/lab1ming@ming-VirtualBox:~/lab1$ git push -u lab1 master[1P master[1P master[1P master[1P master[1Pmaster[1P master[1P mastero masterr masteri masterg masteri mastern master
Username for 'https://github.com': redstar-ryo
Password for 'https://redstar-ryo@github.com': 
Everything up-to-date
]0;ming@ming-VirtualBox: ~/lab1ming@ming-VirtualBox:~/lab1$ i[Kgit commit
[?1049h[1;24r(B[m[4l[?7h[?12l[?25h[?1h=[?1h=[?1h=[39;49m[39;49m(B[m[H[2J(B[0;7m  GNU nano 2.2.6      æª”æ¡ˆ: /home/ming/lab1/.git/COMMIT_EDITMSG                 [4;1H(B[m# Please enter the commit message for your changes. Lines starting[5d# with '#' will be ignored, and an empty message aborts the commit.[6d# On branch master[7d# Your branch is up-to-date with 'lab1/master'.[8d#[9d# Changes to be committed:[10d#[9Gnew file:   A.cpp[11d#[9Gnew file:   A.script[12d#[9Gmodified:   lab1.script[13d#[14d# Changes not staged for commit:[15d#[9Gmodified:   A.script[16d#[9Gmodified:   lab1.script[17d#[18d# Untracked files:[19d#[9G.A.script.swp[20d#[9GA[21d#[9Glab1/[22;33H(B[0;7m[ å·²è®€å– 20 åˆ— ][23d^G(B[m æ±‚åŠ©[14G(B[0;7m^O(B[m å¯«å…¥[27G(B[0;7m^R(B[m è®€æª”[40G(B[0;7m^Y(B[m ä¸Šé [53G(B[0;7m^K(B[m å‰ªä¸‹æ–‡å­—  (B[0;7m^C(B[m æ¸¸æ¨™ä½ç½®[24d(B[0;7m^X(B[m é›¢é–‹[14G(B[0;7m^J(B[m å°é½Š[27G(B[0;7m^W(B[m æœå°‹[40G(B[0;7m^V(B[m ä¸‹é [53G(B[0;7m^U(B[m UnCut Text(B[0;7m^T(B[m æ‹¼å­—æª¢æŸ¥[3d[1;73H(B[0;7må·²æ›´å‹•[3d(B[me[K[22d(B[0;7mè¦å¯«å…¥çš„æª”æ¡ˆåç¨±: /home/ming/lab1/.git/COMMIT_EDITMSG                           [23;14H(B[m       (B[0;7mM-D(B[m DOS æ ¼å¼ [40G (B[0;7mM-A(B[m é™„åŠ             (B[0;7mM-B(B[m å‚™ä»½æª”æ¡ˆ[K[24;2H(B[0;7mC(B[m å–æ¶ˆ[14G       (B[0;7mM-M(B[m Mac æ ¼å¼ [40G (B[0;7mM-P(B[m å‰å¼•[K[22;54H[1;73H[39;49m(B[0;7m      [22;32H(B[m[1K (B[0;7m[ å·²å¯«å…¥ 20 åˆ— ](B[m[K[23;14H(B[0;7m^O(B[m å¯«å…¥      (B[0;7m^R(B[m è®€æª”[40G(B[0;7m^Y(B[m ä¸Šé       (B[0;7m^K(B[m å‰ªä¸‹æ–‡å­—  (B[0;7m^C(B[m æ¸¸æ¨™ä½ç½®[24;2H(B[0;7mX(B[m é›¢é–‹[14G(B[0;7m^J(B[m å°é½Š      (B[0;7m^W(B[m æœå°‹[40G(B[0;7m^V(B[m ä¸‹é       (B[0;7m^U(B[m UnCut Text(B[0;7m^T(B[m æ‹¼å­—æª¢æŸ¥[3d[23d[J[24;80H[24;1H[?1049l[?1l>Aborting commit due to empty commit message.
]0;ming@ming-VirtualBox: ~/lab1ming@ming-VirtualBox:~/lab1$ git commitpush origin master[12Pcommit[K[K[K[K[K[Kstatus
On branch master
Your branch is up-to-date with 'lab1/master'.

Changes to be committed:
  (use "git reset HEAD <file>..." to unstage)

	[32mnew file:   A.cpp[m
	[32mnew file:   A.script[m
	[32mmodified:   lab1.script[m

Changes not staged for commit:
  (use "git add <file>..." to update what will be committed)
  (use "git checkout -- <file>..." to discard changes in working directory)

	[31mmodified:   A.script[m
	[31mmodified:   lab1.script[m

Untracked files:
  (use "git add <file>..." to include in what will be committed)

	[31m.A.script.swp[m
	[31mA[m
	[31mlab1/[m

]0;ming@ming-VirtualBox: ~/lab1ming@ming-VirtualBox:~/lab1$ git d[Kadd lab1.script
]0;ming@ming-VirtualBox: ~/lab1ming@ming-VirtualBox:~/lab1$ git add A.script
]0;ming@ming-VirtualBox: ~/lab1ming@ming-VirtualBox:~/lab1$ git push lan[Kb1.s[K[K master
Username for 'https://github.com': redsat   star-ryo
Password for 'https://redstar-ryo@github.com': 
Everything up-to-date
]0;ming@ming-VirtualBox: ~/lab1ming@ming-VirtualBox:~/lab1$ git push lab1 master[K[K[K[K[K[K[K[K[K[K[K[K[K[K[K[Kremote -v
lab1	https://github.com/redstar-ryo/lab1.git (fetch)
lab1	https://github.com/redstar-ryo/lab1.git (push)
origin	https://github.com/redstar-ryo/lab1.git (fetch)
origin	https://github.com/redstar-ryo/lab1.git (push)
]0;ming@ming-VirtualBox: ~/lab1ming@ming-VirtualBox:~/lab1$ git branch
* [32mmaster[m
]0;ming@ming-VirtualBox: ~/lab1ming@ming-VirtualBox:~/lab1$ git commti[K[Kit
[?1049h[1;24r(B[m[4l[?7h[?12l[?25h[?1h=[?1h=[?1h=[39;49m[39;49m(B[m[H[2J(B[0;7m  GNU nano 2.2.6      æª”æ¡ˆ: /home/ming/lab1/.git/COMMIT_EDITMSG                 [4;1H(B[m# Please enter the commit message for your changes. Lines starting[5d# with '#' will be ignored, and an empty message aborts the commit.[6d# On branch master[7d# Your branch is up-to-date with 'lab1/master'.[8d#[9d# Changes to be committed:[10d#[9Gnew file:   A.cpp[11d#[9Gnew file:   A.script[12d#[9Gmodified:   lab1.script[13d#[14d# Untracked files:[15d#[9G.A.script.swp[16d#[9GA[17d#[9Glab1/[18d#[22;33H(B[0;7m[ å·²è®€å– 16 åˆ— ][23d^G(B[m æ±‚åŠ©[14G(B[0;7m^O(B[m å¯«å…¥[27G(B[0;7m^R(B[m è®€æª”[40G(B[0;7m^Y(B[m ä¸Šé [53G(B[0;7m^K(B[m å‰ªä¸‹æ–‡å­—  (B[0;7m^C(B[m æ¸¸æ¨™ä½ç½®[24d(B[0;7m^X(B[m é›¢é–‹[14G(B[0;7m^J(B[m å°é½Š[27G(B[0;7m^W(B[m æœå°‹[40G(B[0;7m^V(B[m ä¸‹é [53G(B[0;7m^U(B[m UnCut Text(B[0;7m^T(B[m æ‹¼å­—æª¢æŸ¥[3d[22d(B[0;7mè¦å¯«å…¥çš„æª”æ¡ˆåç¨±: /home/ming/lab1/.git/COMMIT_EDITMSG                           [23;14H(B[m       (B[0;7mM-D(B[m DOS æ ¼å¼ [40G (B[0;7mM-A(B[m é™„åŠ             (B[0;7mM-B(B[m å‚™ä»½æª”æ¡ˆ[K[24;2H(B[0;7mC(B[m å–æ¶ˆ[14G       (B[0;7mM-M(B[m Mac æ ¼å¼ [40G (B[0;7mM-P(B[m å‰å¼•[K[22;54H(B[0;7m1(B[m(B[0;7mä»¥ä¸åŒçš„åç¨±å­˜æª”ï¼Ÿ                                    [23d Y(B[m æ˜¯[K[24d(B[0;7m N(B[m å¦  [24;17H(B[0;7m^C(B[m å–æ¶ˆ[K[22;20H[1;64H[39;49m(B[0;7m1[22;32H(B[m[1K (B[0;7m[ å·²å¯«å…¥ 16 åˆ— ](B[m[K[23d(B[0;7m^G(B[m æ±‚åŠ©[14G(B[0;7m^O(B[m å¯«å…¥[27G(B[0;7m^R(B[m è®€æª”[40G(B[0;7m^Y(B[m ä¸Šé [53G(B[0;7m^K(B[m å‰ªä¸‹æ–‡å­—  (B[0;7m^C(B[m æ¸¸æ¨™ä½ç½®[24d(B[0;7m^X(B[m é›¢é–‹[14G(B[0;7m^J(B[m å°é½Š      (B[0;7m^W(B[m æœå°‹[40G(B[0;7m^V(B[m ä¸‹é [53G(B[0;7m^U(B[m UnCut Text(B[0;7m^T(B[m æ‹¼å­—æª¢æŸ¥[3d[23d[J[24;80H[24;1H[?1049l[?1l>Aborting commit due to empty commit message.
]0;ming@ming-VirtualBox: ~/lab1ming@ming-VirtualBox:~/lab1$ git add
Nothing specified, nothing added.
Maybe you wanted to say 'git add .'?
]0;ming@ming-VirtualBox: ~/lab1ming@ming-VirtualBox:~/lab1$ git add A.script
]0;ming@ming-VirtualBox: ~/lab1ming@ming-VirtualBox:~/lab1$ git pushh[K labadd A.script[K[K[K[K[K[K[K[K[K[K[K[Kpush lab1 master
Username for 'https://github.com': redstar-ryo
Password for 'https://redstar-ryo@github.com': 
Everything up-to-date
]0;ming@ming-VirtualBox: ~/lab1ming@ming-VirtualBox:~/lab1$ vi A.cpp
[?1049h[?1h=[2;1Hâ–½[6n[1;1H  [1;1H[1;24r[?12;25h[?12l[?25h[27m[m[H[2J[?25l[24;1H"A.cpp" 34L, 467C[>c[1;1H[34m/*************************
input n
print n
if n=1 then stop
if n is odd then n<-3n+1
if n is even then n<-n/2
*************************/[m

[35m#include[m[31m<iostream>[m
[33musing[m [32mnamespace[m std;

[32mint[m main()
{
[32mint[m n=[31m0[m;

cout << [31m"Please enter an integer:"[m;
cin >> n ;

[33mif[m(n==[31m1[m)
cout << n << endl; [34m//é¡Œç›®æ¢ä»¶å¦‚æžœn=1å‰‡åœæ­¢ æ‰€ä»¥å°å‡ºnæœ¬èº«[m
[33melse[m
{[7C[33mwhile[m(n!=[31m1[m)[23;9H{[24;63H1,1[10Cé ‚ç«¯[1;1H[?12l[?25hP+q436f\P+q6b75\P+q6b64\P+q6b72\P+q6b6c\P+q2332\P+q2334\P+q2569\P+q2a37\P+q6b31\[?25l[24;63H2[2;1H[?12l[?25h[?25l[24;63H3[3;1H[?12l[?25h[?25l[24;63H4[4;1H[?12l[?25h[?25l[24;63H5[5;1H[?12l[?25h[?25l[24;63H6[6;1H[?12l[?25h[?25l[24;63H7[7;1H[?12l[?25h[?25l[24;63H8,0-1[8;1H[?12l[?25h[?25l[24;63H9,1  [9;1H[?12l[?25h[?25l[24;63H10,1[10;1H[?12l[?25h[?25l[24;64H1,0-1[11;1H[?12l[?25h[?25l[24;64H2,1  [12;1H[?12l[?25h[27m[m[H[2J[?25l[1;1H[34m/*************************
input n
print n
if n=1 then stop
if n is odd then n<-3n+1
if n is even then n<-n/2
*************************/[m

[35m#include[m[31m<iostream>[m
[33musing[m [32mnamespace[m std;

[32mint[m main()
{
[32mint[m n=[31m0[m;

cout << [31m"Please enter an integer:"[m;
cin >> n ;

[33mif[m(n==[31m1[m)
cout << n << endl; [34m//é¡Œç›®æ¢ä»¶å¦‚æžœn=1å‰‡åœæ­¢ æ‰€ä»¥å°å‡ºnæœ¬èº«[m
[33melse[m
{[7C[33mwhile[m(n!=[31m1[m)[23;9H{[24;17H[33mif[m(n%[31m2[m==[31m0[m)[25;17H{n/=[31m2[m;}[26;17H[33melse[m[27;17H{n=[31m3[m*n+[31m1[m;}[29;9Hcout<<n<<[31m" "[m;[30;98H12,1[9Cé ‚ç«¯[12;1H[?12l[?25h[?25l[30;99H3[13;1H[?12l[?25h[?25l[30;99H4[14;1H[?12l[?25h[?25l[30;99H5,0-1[15;1H[?12l[?25h[?25l[30;99H6,1  [16;1H[?12l[?25h[?25l[30;99H7[17;1H[?12l[?25h[?25l[30;99H8,0-1[18;1H[?12l[?25h[?25l[30;99H9,1  [19;1H[?12l[?25h[?25l[30;98H20[20;1H[?12l[?25h[?25l[30;99H1[21;1H[?12l[?25h[?25l[30;99H2[22;1H[?12l[?25h[?25l[30;99H3,1-8[23;8H[?12l[?25h[?25l[30;99H4[24;8H[?12l[?25h[?25l[30;99H5[25;8H[?12l[?25h[?25l[30;99H6[26;8H[?12l[?25h[?25l[30;99H7[27;8H[?12l[?25h[?25l[30;99H8,0-1[28;1H[?12l[?25h[?25l[30;99H9,1-8[29;8H[?12l[?25h[?25l[1;29r[29;1H
[1;30r[29;9H}[30;98H[K[30;98H30,1-8[8C20%[29;8H[?12l[?25h[?25l[1;29r[29;1H
[1;30r[29;1Hcout<<endl; [34m//è®“æŒ‡ä»¤åˆ—å‡ºç¾åœ¨ä¸‹ä¸€è¡Œ[m[30;98H[K[30;98H31,1[10C40%[29;1H[?12l[?25h[?25l[1;29r[29;1H
[1;30r[19;1H[46m{[29;1H}[m[30;98H[K[30;98H32,1[10C60%[29;1H[?12l[?25h[?25l[1;29r[29;1H
[1;30r[9;1H[46m{[m[18;1H{[28;1H}
[46m}[m[30;98H[K[30;98H33,1[10C80%[29;1H[?12l[?25h[?25l[9;1H{[18;1H[46m{[28;1H}[m
}[30;99H2[28;1H[?12l[?25h[?25l[18;1H{[28;1H}[30;99H1[27;1H[?12l[?25h[?25l[30;99H0,1-8[26;8H[?12l[?25h[?25l[30;98H29[25;8H[?12l[?25h[?25l[30;99H8,0-1[24;1H[?12l[?25h[?25l[30;99H7,1-8[23;8H[?12l[?25h[?25l[30;99H6[22;8H[?12l[?25h[?25l[30;99H5[21;8H[?12l[?25h[?25l[30;101H2-16[21;16H[?12l[?25h[?25l [46m{[5C}[m[30;101H3-17[21;17H[?12l[?25h[?25l{[5C}[30;101H4-18[21;18H[?12l[?25h[?25l[30;101H5-19[21;19H[?12l[?25h[?25l[30;1H[1m-- æ’å…¥ --[m[30;98H[K[30;98H25,5-19[7C80%[21;19H[?12l[?25h[?25l[46m{[5C}[m[30;98H[K[30;98H25,4-18[7C80%[21;18H[?12l[?25h[?25l[30;101H3-17[21;17H[?12l[?25h[?25l[30;98H[K[30;98H25,4-18[7C80%[21;18H[?12l[?25h[?25l[46mn[m/=[31m2[m;}[46m [m[21;17Hn[21;23H[K[30;101H3-17[21;17H[?12l[?25h[?25l[30;101H4-18[21;18H[?12l[?25h[?25l[30;101H5-19[21;19H[?12l[?25h[?25l[30;101H6-20[21;20H[?12l[?25h[?25l[30;101H7-21[21;21H[?12l[?25h[?25l[19;9H[46m{[21;22H}[m[30;101H8-22[21;22H[?12l[?25h[?25l[30;98H[K[30;98H25,9-23[7C80%[21;23H[?12l[?25h[?25l[21;22H[K[19;9H{[30;101H8-22[21;22H[?12l[?25h[?25l[30;99H6[22;22H[?12l[?25h[?25l[30;99H7[23;22H[?12l[?25h[?25l[30;101H7-21[23;21H[?12l[?25h[?25l[30;101H6-20[23;20H[?12l[?25h[?25l[30;101H5-19[23;19H[?12l[?25h[?25l[46m{[8C}[m[30;98H[K[30;98H27,4-18[7C80%[23;18H[?12l[?25h[?25l[30;101H3-17[23;17H[?12l[?25h[?25l{[8C}[30;99H8,1   [24;1H[?12l[?25h[?25l[30;99H9,10-17[25;17H[?12l[?25h[?25l[30;99H8,1    [24;1H[?12l[?25h[?25l[23;17H[46m{[8C}[m[30;99H7,3-17[23;17H[?12l[?25h[?25l{[8C}[30;99H6[22;17H[?12l[?25h[?25l[30;99H5[21;17H[?12l[?25h[?25l[30;99H4[20;17H[?12l[?25h[?25l[19;9H[46m{[26;9H}[m[30;98H[K[30;98H23,3-10[7C80%[19;10H[?12l[?25h[?25l{[26;9H}[30;99H4,3-17[20;17H[?12l[?25h[?25l[30;99H5[21;17H[?12l[?25h[?25l[30;99H6[22;17H[?12l[?25h[?25l[23;17H[46m{[8C}[m[30;99H7[23;17H[?12l[?25h[?25l{[8C}[30;99H8,1   [24;1H[?12l[?25h[?25l[30;99H9,10-17[25;17H[?12l[?25h[?25l[19;9H[46m{[26;9H}[m[30;98H[K[30;98H30,3-10[7C80%[26;10H[?12l[?25h[30;1H[K[26;9H[?25l[30;98H30,2-9[8C80%[26;9H[?12l[?25h[?25l[30;98H[K[30;1H:[?12l[?25hw[?25l[?12l[?25hq[?25l[?12l[?25h![?25l[?12l[?25h[?25l"A.cpp" 34L, 465C å·²å¯«å…¥
[?1l>[?12l[?25h[?1049l]0;ming@ming-VirtualBox: ~/lab1ming@ming-VirtualBox:~/lab1$ vi A.cppgit push lab1 master[4Padd A.scriptpush lab1 master[12Pvi A.cpp[Kh[Kg=+[K[K++ -o A A.cpp
]0;ming@ming-VirtualBox: ~/lab1ming@ming-VirtualBox:~/lab1$ ./a[KA
Please enter an integer:22
11 34 17 52 26 13 40 20 10 5 16 8 4 2 1 
]0;ming@ming-VirtualBox: ~/lab1ming@ming-VirtualBox:~/lab1$ ./A[Kgit status
On branch master
Your branch is up-to-date with 'lab1/master'.

Changes to be committed:
  (use "git reset HEAD <file>..." to unstage)

	[32mnew file:   A.cpp[m
	[32mnew file:   A.script[m
	[32mmodified:   lab1.script[m

Changes not staged for commit:
  (use "git add <file>..." to update what will be committed)
  (use "git checkout -- <file>..." to discard changes in working directory)

	[31mmodified:   A.cpp[m
	[31mmodified:   A.script[m
	[31mmodified:   lab1.script[m

Untracked files:
  (use "git add <file>..." to include in what will be committed)

	[31m.A.script.swp[m
	[31mA[m
	[31mlab1/[m

]0;ming@ming-VirtualBox: ~/lab1ming@ming-VirtualBox:~/lab1$ git add A.cpp
]0;ming@ming-VirtualBox: ~/lab1ming@ming-VirtualBox:~/lab1$ git add a[KA.script
]0;ming@ming-VirtualBox: ~/lab1ming@ming-VirtualBox:~/lab1$ git status
On branch master
Your branch is up-to-date with 'lab1/master'.

Changes to be committed:
  (use "git reset HEAD <file>..." to unstage)

	[32mnew file:   A.cpp[m
	[32mnew file:   A.script[m
	[32mmodified:   lab1.script[m

Changes not staged for commit:
  (use "git add <file>..." to update what will be committed)
  (use "git checkout -- <file>..." to discard changes in working directory)

	[31mmodified:   lab1.script[m

Untracked files:
  (use "git add <file>..." to include in what will be committed)

	[31m.A.script.swp[m
	[31mA[m
	[31mlab1/[m

]0;ming@ming-VirtualBox: ~/lab1ming@ming-VirtualBox:~/lab1$ re[K[Kgit remote -v
lab1	https://github.com/redstar-ryo/lab1.git (fetch)
lab1	https://github.com/redstar-ryo/lab1.git (push)
origin	https://github.com/redstar-ryo/lab1.git (fetch)
origin	https://github.com/redstar-ryo/lab1.git (push)
]0;ming@ming-VirtualBox: ~/lab1ming@ming-VirtualBox:~/lab1$ git pu[K[Kcommit
[?1049h[1;30r(B[m[4l[?7h[?12l[?25h[?1h=[?1h=[?1h=[39;49m[39;49m(B[m[H[2J(B[0;7m  GNU nano 2.2.6                  æª”æ¡ˆ: /home/ming/lab1/.git/COMMIT_EDITMSG                                        [4;1H(B[m# Please enter the commit message for your changes. Lines starting[5d# with '#' will be ignored, and an empty message aborts the commit.[6d# On branch master[7d# Your branch is up-to-date with 'lab1/master'.[8d#[9d# Changes to be committed:[10d#[9Gnew file:   A.cpp[11d#[9Gnew file:   A.script[12d#[9Gmodified:   lab1.script[13d#[14d# Changes not staged for commit:[15d#[9Gmodified:   lab1.script[16d#[17d# Untracked files:[18d#[9G.A.script.swp[19d#[9GA[20d#[9Glab1/[21d#[28;50H(B[0;7m[ å·²è®€å– 19 åˆ— ][29d^G(B[m æ±‚åŠ©[29;20H(B[0;7m^O(B[m å¯«å…¥[29;39H(B[0;7m^R(B[m è®€æª”[29;58H(B[0;7m^Y(B[m ä¸Šé [29;77H(B[0;7m^K(B[m å‰ªä¸‹æ–‡å­—[29;96H(B[0;7m^C(B[m æ¸¸æ¨™ä½ç½®[30d(B[0;7m^X(B[m é›¢é–‹[30;20H(B[0;7m^J(B[m å°é½Š[30;39H(B[0;7m^W(B[m æœå°‹[30;58H(B[0;7m^V(B[m ä¸‹é [30;77H(B[0;7m^U(B[m UnCut Text[96G(B[0;7m^T(B[m æ‹¼å­—æª¢æŸ¥[3d[28d(B[0;7mè¦å¯«å…¥çš„æª”æ¡ˆåç¨±: /home/ming/lab1/.git/COMMIT_EDITMSG                                                              [29;20H(B[m         (B[0;7mM-D(B[m DOS æ ¼å¼     [29;57H(B[0;7mM-A(B[m é™„åŠ [29;77H        (B[0;7mM-B(B[m å‚™ä»½æª”æ¡ˆ[K[30;2H(B[0;7mC(B[m å–æ¶ˆ[30;20H         (B[0;7mM-M(B[m Mac æ ¼å¼     [30;57H(B[0;7mM-P(B[m å‰å¼•[K[28;54H[49G[39;49m(B[m[1K (B[0;7m[ å·²å¯«å…¥ 19 åˆ— ](B[m[K[29;20H(B[0;7m^O(B[m å¯«å…¥            (B[0;7m^R(B[m è®€æª”[29;57H (B[0;7m^Y(B[m ä¸Šé [29;77H(B[0;7m^K(B[m å‰ªä¸‹æ–‡å­—        (B[0;7m^C(B[m æ¸¸æ¨™ä½ç½®[30;2H(B[0;7mX(B[m é›¢é–‹[30;20H(B[0;7m^J(B[m å°é½Š            (B[0;7m^W(B[m æœå°‹[30;57H (B[0;7m^V(B[m ä¸‹é [30;77H(B[0;7m^U(B[m UnCut Text[96G(B[0;7m^T(B[m æ‹¼å­—æª¢æŸ¥[3d[29d[J[30;115H[30;1H[?1049l[?1l>Aborting commit due to empty commit message.
]0;ming@ming-VirtualBox: ~/lab1ming@ming-VirtualBox:~/lab1$ git push ro[K[Klab1 master
Username for 'https://github.com': redstar-ryp o
Password for 'https://redstar-ryo@github.com': 
remote: Invalid username or password.
fatal: Authentication failed for 'https://github.com/redstar-ryo/lab1.git/'
]0;ming@ming-VirtualBox: ~/lab1ming@ming-VirtualBox:~/lab1$ git push lab1 master
Username for 'https://github.com': redstar-ryo
Password for 'https://redstar-ryo@github.com': 
remote: Invalid username or password.
fatal: Authentication failed for 'https://github.com/redstar-ryo/lab1.git/'
]0;ming@ming-VirtualBox: ~/lab1ming@ming-VirtualBox:~/lab1$ git push lab1 master
Username for 'https://github.com': derst     redstar-ryo
Password for 'https://redstar-ryo@github.com': 
Everything up-to-date
]0;ming@ming-VirtualBox: ~/lab1ming@ming-VirtualBox:~/lab1$ git branc
git: 'branc' is not a git command. See 'git --help'.
]0;ming@ming-VirtualBox: ~/lab1ming@ming-VirtualBox:~/lab1$ git branch
* [32mmaster[m
]0;ming@ming-VirtualBox: ~/lab1ming@ming-VirtualBox:~/lab1$ git log
[?1h=[33mcommit 0007e949421507d9226de57405d8bd3cfb5d619e[m[m
Merge: f5259e6 c4e0e5f[m
Author: redstar-ryo <e6v2e3@gmail.com>[m
Date:   Sat Mar 11 23:29:15 2017 +0800[m
[m
    Merge branch 'master' of https://github.com/redstar-ryo/lab1[m
[m
[33mcommit f5259e611ad8a8c2e1c441789cb3774bc7fe6c3d[m[m
Author: redstar-ryo <e6v2e3@gmail.com>[m
Date:   Sat Mar 11 23:21:59 2017 +0800[m
[m
    test for lab1.script[m
[m
[33mcommit c4e0e5fde4e389fdc107401f25d76899c7c02735[m[m
Author: redstar-ryo <e6v2e3@gmail.com>[m
Date:   Wed Mar 8 23:56:20 2017 +0800[m
[m
    Delete b[m
[m
[33mcommit a50cac79a044126b8837637587cb095a0f79457f[m[m
Author: redstar-ryo <e6v2e3@gmail.com>[m
Date:   Wed Mar 8 23:56:09 2017 +0800[m
[m
    Delete a[m
[m
[33mcommit 3748f288abc8bd980accee94754e0446462fd8ab[m[m
Author: redstar-ryo <e6v2e3@gmail.com>[m
Date:   Wed Mar 8 23:13:07 2017 +0800[m
[m
:[K[K [KESCESC[KOO[KAA[K[K:[K[K [KESCESC[KOO[KAA[K[K:[K[K [KESCESC[KOO[KAA[K[K:[K[K [KESCESC[KOO[KAA[K[K:[K[K [KESCESC[KOO[KAA[K[K:[K[K [KESCESC[KOO[KAA[K[K:[K[K [KESCESC[KOO[KAA[K[K:[K[K [KESCESC[KOO[KAA[K[K:[K[K [KESCESC[KOO[KAA[K[K:[K[K [KESCESC[KOO[KAA[K[K:[K[K [KESCESC[KOO[KAA[K[K:[K[K [KESCESC[KOO[KAA[K[K:[K[K [KESCESC[KOO[KAA[K[K:[K[K [KESCESC[KOO[KAA[K[K:[K[K [KESCESC[KOO[KAA[K[K:[K[K [KESCESC[KOO[KAA[K[K:[K[K [KESCESC[KOO[KAA[K[K:[K[K [KESCESC[KOO[KAA[K[K:[K[K [KESCESC[KOO[KAA[K[K:[K[K [KESCESC[KOO[KAA[K[K:[K[K [KESCESC[KOO[KAA[K[K:[K[K [KESCESC[KOO[KBB[K